536870912 8
268435456 8
134217728 8
67108864 8
33554432 8
16777216 8
8388608 8
4194304 8
2097152 8
1048576 8
524288 8
262144 8
131072 8
65536 8
32768 8
16384 8
8192 8
4096 8
2048 8
1024 8
512 8
256 8
128 8
64 8
32 8
16 7
8 -1
12 4
10 1
9 -1
10