536870912 -127081
805306368 -84573
939524096 -72429
1006632960 -67571
1040187392 -65377
1056964608 -64333
1065353216 -63823
1069547520 -63571
1071644672 -63446
1072693248 -63383
1073217536 -63352
1073479680 -63336
1073610752 -63329
1073676288 -63325
1073709056 -63323
1073725440 -63322
1073733632 -63321
1073737728 -63321
1073739776 -63321
1073740800 -63321
1073741312 -63321
1073741568 -63321
1073741696 -63321
1073741760 -63321
1073741792 -63321
1073741808 -63321
1073741816 -63321
1073741820 -63321
1073741822 -63321
1073741823 -63321
1073741824