536870912 -3585
805306368 -2282
939524096 -1910
1006632960 -1761
1040187392 -1694
1056964608 -1662
1065353216 -1647
1069547520 -1639
1071644672 -1635
1072693248 -1633
1073217536 -1632
1073479680 -1632
1073610752 -1631
1073676288 -1631
1073709056 -1631
1073725440 -1631
1073733632 -1631
1073737728 -1631
1073739776 -1631
1073740800 -1631
1073741312 -1631
1073741568 -1631
1073741696 -1631
1073741760 -1631
1073741792 -1631
1073741808 -1631
1073741816 -1631
1073741820 -1631
1073741822 -1631
1073741823 -1631
1073741824