536870912 -1
805306368 -248433778
939524096 -1
1006632960 -1
1040187392 -1
1056964608 -1
1065353216 -1
1069547520 -1
1071644672 -1
1072693248 -1
1073217536 -1
1073479680 -1
1073610752 -1
1073676288 -1
1073709056 -1
1073725440 -1
1073733632 -1
1073737728 -1
1073739776 -1
1073740800 -1
1073741312 -1
1073741568 -1
1073741696 -1
1073741760 -1
1073741792 -1
1073741808 -1
1073741816 -1
1073741820 -1
1073741822 -1
1073741823 -1
1073741824