536870912 0
268435456 0
134217728 0
67108864 0
33554432 0
16777216 0
8388608 0
4194304 0
2097152 0
1048576 0
524288 0
262144 0
131072 0
65536 0
32768 0
16384 0
8192 0
4096 0
2048 0
1024 0
512 0
256 0
128 0
64 0
32 0
16 0
8 -1
12 0
10 0
9 -1
10