536870912 210298
268435456 210298
134217728 210298
67108864 210298
33554432 210298
16777216 210298
8388608 210298
4194304 210298
2097152 210298
1048576 210298
524288 -15
786432 181705
655360 45902
589824 -23
622592 -13
638976 12339
630784 -28
634880 3061
632832 -1
633856 650
633344 -33
633600 42
633472 -36
633536 -27
633568 -2
633584 -5
633592 15
633588 3
633586 -1
633587 0
633587