536870912 -119
805306368 -28
939524096 -2
1006632960 -2490666
1040187392 -2410104
1056964608 -2371748
1065353216 -2353024
1069547520 -2343772
1071644672 -2339174
1072693248 -2336882
1073217536 -2335738
1073479680 -2335166
1073610752 -2334880
1073676288 -2334737
1073709056 -2334666
1073725440 -2334630
1073733632 -2334612
1073737728 -2334603
1073739776 -2334599
1073740800 -2334596
1073741312 -2334595
1073741568 -2334595
1073741696 -2334594
1073741760 -2334594
1073741792 -2334594
1073741808 -2334594
1073741816 -2334594
1073741820 -2334594
1073741822 -2334594
1073741823 -2334594
1073741824