536870912 42
268435456 42
134217728 42
67108864 42
33554432 42
16777216 42
8388608 42
4194304 42
2097152 42
1048576 42
524288 42
262144 42
131072 42
65536 42
32768 42
16384 42
8192 42
4096 42
2048 42
1024 42
512 42
256 42
128 42
64 42
32 42
16 42
8 -1
12 42
10 42
9 -1
10