536870912 28
268435456 28
134217728 28
67108864 28
33554432 28
16777216 28
8388608 28
4194304 28
2097152 28
1048576 28
524288 28
262144 28
131072 28
65536 28
32768 28
16384 28
8192 28
4096 28
2048 28
1024 28
512 28
256 28
128 28
64 28
32 28
16 28
8 28
4 28
2 28
1 28
1