536870912 -14986
805306368 -9800
939524096 -8318
1006632960 -7725
1040187392 -7458
1056964608 -7330
1065353216 -7268
1069547520 -7237
1071644672 -7222
1072693248 -7214
1073217536 -7210
1073479680 -7209
1073610752 -7208
1073676288 -7207
1073709056 -7207
1073725440 -7207
1073733632 -7207
1073737728 -7207
1073739776 -7207
1073740800 -7207
1073741312 -7207
1073741568 -7207
1073741696 -7207
1073741760 -7207
1073741792 -7207
1073741808 -7207
1073741816 -7207
1073741820 -7207
1073741822 -7207
1073741823 -7207
1073741824