536870912 684216
268435456 684216
134217728 684216
67108864 684216
33554432 684216
16777216 684216
8388608 684216
4194304 684216
2097152 684216
1048576 684216
524288 684216
262144 684216
131072 684216
65536 684216
32768 684216
16384 684216
8192 684216
4096 684216
2048 684216
1024 684216
512 684216
256 684216
128 684216
64 684216
32 684216
16 684216
8 -1
12 684216
10 684216
9 -1
10