536870912 -249642873
805306368 -139106964
939524096 -115830266
1006632960 -107020557
1040187392 -103120268
1056964608 -101278887
1065353216 -100383548
1069547520 -99942003
1071644672 -99722736
1072693248 -99613476
1073217536 -99558939
1073479680 -99531694
1073610752 -99518077
1073676288 -99511270
1073709056 -99507867
1073725440 -99506165
1073733632 -99505314
1073737728 -99504889
1073739776 -99504676
1073740800 -99504570
1073741312 -99504517
1073741568 -99504490
1073741696 -99504477
1073741760 -99504470
1073741792 -99504467
1073741808 -99504465
1073741816 -99504465
1073741820 -99504464
1073741822 -99504464
1073741823 -99504464
1073741824