536870912 2147483647
268435456 2147483647
134217728 2147483647
67108864 2147157214
33554432 2146497852
16777216 2145019194
8388608 2142077734
4194304 2136220616
2097152 2124505818
1048576 2101081415
524288 2054223432
262144 1960448494
131072 1772415077
65536 1392406656
32768 598276003
16384 -1444
24576 21199251
20480 -750
22528 -2805
23552 -681
24064 -2332
24320 -1589
24448 8497129
24384 2084953
24352 -519
24368 475954
24360 -1313
24364 73024
24362 -598
24363 -431
24364