536870912 2147483647
268435456 2147483647
134217728 2147483647
67108864 2147143423
33554432 2146457544
16777216 2144918960
8388608 2141857993
4194304 2135762885
2097152 2123572119
1048576 2099196180
524288 2050434296
262144 1952850405
131072 1757178681
65536 1361733204
32768 535332299
16384 -2119
24576 -431
28672 284572566
26624 125597150
25600 34779347
25088 -1697
25344 10698048
25216 -2432
25280 4584794
25248 1515250
25232 -1236
25240 746173
25236 361524
25234 169020
25233 72870
25233