536870912 -10154
805306368 -4473
939524096 -302
1006632960 -2799
1040187392 -1739
1056964608 -2766
1065353216 -3471
1069547520 -64
1071644672 -5112
1072693248 -7311
1073217536 -2215
1073479680 -718
1073610752 -5004
1073676288 -6911
1073709056 -1182
1073725440 -35
1073733632 -735
1073737728 -1741
1073739776 -4004
1073740800 -1967
1073741312 -958
1073741568 -447
1073741696 -197
1073741760 -83
1073741792 -34
1073741808 -8755
1073741816 -8743
1073741820 -8740
1073741822 -8735
1073741823 -8732
1073741824