536870912 -12175
805306368 -1672
939524096 -352
1006632960 -1196
1040187392 -4620
1056964608 -1031
1065353216 -7234
1069547520 -657
1071644672 -1730
1072693248 -1920
1073217536 -2788
1073479680 -648
1073610752 -347
1073676288 -884
1073709056 -1601
1073725440 -2442
1073733632 -2935
1073737728 -1229
1073739776 -3097
1073740800 -884
1073741312 -8445
1073741568 -7926
1073741696 -7662
1073741760 -7534
1073741792 -7464
1073741808 -7433
1073741816 -7419
1073741820 -7409
1073741822 -7406
1073741823 -7406
1073741824