536870912 -111658557
805306368 -111658557
939524096 -111658557
1006632960 -111658557
1040187392 -111658557
1056964608 -111658557
1065353216 -111658557
1069547520 -111658557
1071644672 -111658557
1072693248 -111658557
1073217536 -111658557
1073479680 -111658557
1073610752 -111658557
1073676288 -111658557
1073709056 -111658557
1073725440 -111658557
1073733632 -111658557
1073737728 -111658557
1073739776 -111658557
1073740800 -111658557
1073741312 -111658557
1073741568 -111658557
1073741696 -111658557
1073741760 -111658557
1073741792 -111658557
1073741808 -111658557
1073741816 -111658557
1073741820 -111658557
1073741822 -111658557
1073741823 -111658557
1073741824