536870912 2
268435456 2
134217728 2
67108864 2
33554432 2
16777216 2
8388608 2
4194304 2
2097152 2
1048576 2
524288 2
262144 2
131072 2
65536 -1
98304 -1
114688 2
106496 2
102400 2
100352 2
99328 -1
99840 2
99584 2
99456 2
99392 -72659
99424 -15033
99440 2
99432 -6031
99436 -1842
99438 2
99437 -822
99438