536870912 921460
268435456 921460
134217728 921460
67108864 -20114
100663296 921460
83886080 -1671
92274688 -4992
96468992 826833
94371840 529996
93323264 264573
92798976 99272
92536832 6780
92405760 -994
92471296 -37
92504064 -2651
92520448 733
92512256 -2291
92516352 -775
92518400 -30
92519424 359
92518912 169
92518656 76
92518528 23
92518464 -6
92518496 12
92518480 0
92518472 -4
92518476 -1
92518478 -1
92518479 0
92518479