536870912 -1
805306368 -1609142247
939524096 -1348532390
1006632960 -1270554923
1040187392 -1237581993
1056964608 -1225822760
1065353216 -1225822760
1069547520 -1225822760
1071644672 -1225822760
1072693248 -1225822760
1073217536 -1225822760
1073479680 -1225822760
1073610752 -1225822760
1073676288 -1225822760
1073709056 -1225822760
1073725440 -1225822760
1073733632 -1225822760
1073737728 -1225822760
1073739776 -1225822760
1073740800 -1225822760
1073741312 -1225822760
1073741568 -1225822760
1073741696 -1225822760
1073741760 -1225822760
1073741792 -1225822760
1073741808 -1225822760
1073741816 -1225822760
1073741820 -1225822760
1073741822 -1225822760
1073741823 -1225822760
1073741824