536870912 724267
268435456 724267
134217728 724267
67108864 724267
33554432 724267
16777216 724267
8388608 724267
4194304 724267
2097152 724267
1048576 724267
524288 724267
262144 724267
131072 724267
65536 724267
32768 724267
16384 724267
8192 724267
4096 724267
2048 724267
1024 724267
512 724267
256 724267
128 724267
64 724267
32 724267
16 724267
8 724267
4 724267
2 724267
1 724267
1