536870912 -963524094
805306368 -963524094
939524096 -963524094
1006632960 -963524094
1040187392 -963524094
1056964608 -963524094
1065353216 -963524094
1069547520 -963524094
1071644672 -963524094
1072693248 -963524094
1073217536 -963524094
1073479680 -963524094
1073610752 -963524094
1073676288 -963524094
1073709056 -963524094
1073725440 -963524094
1073733632 -963524094
1073737728 -963524094
1073739776 -963524094
1073740800 -963524094
1073741312 -963524094
1073741568 -963524094
1073741696 -963524094
1073741760 -963524094
1073741792 -963524094
1073741808 -963524094
1073741816 -963524094
1073741820 -963524094
1073741822 -963524094
1073741823 -963524094
1073741824