536870912 1212294932
268435456 1212294932
134217728 1212294932
67108864 1212294932
33554432 1212294932
16777216 1212294932
8388608 1212294932
4194304 1212294932
2097152 1212294932
1048576 1212294932
524288 1212294932
262144 1212294932
131072 1212294932
65536 1212294932
32768 1212294932
16384 1212294932
8192 1212294932
4096 1212294932
2048 1212294932
1024 1212294932
512 1212294932
256 1212294932
128 1212294932
64 1212294932
32 1212294932
16 1212294932
8 1212294932
4 1212294932
2 1212294932
1 1212294932
1