536870912 -1
805306368 -200385534
939524096 -165634742
1006632960 -47098759
1040187392 -86741720
1056964608 -37467191
1065353216 -13951761
1069547520 -2454986
1071644672 -630417066
1072693248 -626084887
1073217536 -623927233
1073479680 -622850494
1073610752 -622312642
1073676288 -622043851
1073709056 -621909482
1073725440 -621842310
1073733632 -621808725
1073737728 -621791932
1073739776 -621783530
1073740800 -621779335
1073741312 -621777239
1073741568 -621776189
1073741696 -621775662
1073741760 -621775402
1073741792 -621775269
1073741808 -621775206
1073741816 -621775173
1073741820 -621775155
1073741822 -621775147
1073741823 -621775142
1073741824