536870912 62
268435456 62
134217728 62
67108864 62
33554432 62
16777216 62
8388608 62
4194304 62
2097152 62
1048576 62
524288 62
262144 62
131072 62
65536 62
32768 62
16384 62
8192 62
4096 62
2048 62
1024 62
512 62
256 62
128 62
64 62
32 62
16 62
8 62
4 62
2 62
1 62
1