23
7
6
8
18
12
11
21
4
3
11
10
11
8
4
15
0
1
11
2
7
0
8
10
