6
18
2
8
1
19
63
19
19
5
18
12
0
3
57
0
9
8
3
7
24
6
14
6
56
9
28
4
4
6
19
9
2
11
18
