6
4
1
4
15
5
19
50
0
5
6
4
20
3
7
4
6
10
19
9
25
19
28
8
5
11
51
19
0
72
46
6
76
11
14
2
39
39
5
5
13
3
13
19
3
25
12
1
16
78
37
24
24
58
56
15
7
33
3
1
53
3
0
0
83
7
25
9
83
24
5
11
26
73
65
0
26
11
8
24
36
26
0
8
20
43
4
4
13
19
67
17
16
15
2
7
75
13
87
45
