0
3
0
22
12
0
4
1
8
16
2
3
0
2
1
17
5
5
30
8
13
5
21
17
3
7
10
