1379558
384550516
55
71520797
465
384494603
1375719
78
99
28
39
383118788
24
9
809960
1259396
54
71883102
313423610
25
73
1376171
