4
13651208
44
0
1656596
78242
30
15385843
1656534
19
245409
160
155029
90
77884
71
47
1566778
39
15385563
57
13663876
135
91
379
1643892
13896860
1489052
1734751
19
54
13728959
4
97
1722107
61
1566865
18
13741639
16
1488923
17
155045
12689
17
83
12643
155285
15372971
88
102
74
13014
7
204
90
78229
15
201
47
245600
245885
10
15140075
56
12981
13896860
1644368
79
88
77
131
13651210
11
75
1579706
233186
58
232987
103
12
1656978
2
50
1566813
27
36
12684
4
13896960
13896722
15
1643904
20
14
78
40
15385864
49
19
