156410
43
101
60
44
70
11
5
61957903
33
28
3226
65566
61957866
94388617
45728919
80
95
18
69
75
218
25
65552398
40
40
97895634
42
26
60
65549
93
188
6
156428
170287327
0
21
41
68800
65506
57
100
189
159852
11
28
124780447
37
124714910
33
33
62023393
45
45794519
25
3395
221891
33
6
63
45725805
20
64
9
65
63
69
68769
8
69
41
54
3594643
20
57
71
3254
3594826
29
61957877
97
48
94300961
63
86
45
49323454
16
2
3660216
40
41
16
5
61
5
76
5
43
