71
338157199
621686
621699
2832
440089704
11553653
12
13
1129539444
25
102854318
2890
36
1221467
31
68
35
112154917
9410477
1
91
450309237
109951
9600826
9922272
39
9600728
1129327594
27
1028728
300186
86
22
338050121
2823
109853
450009084
781267213
55
7
9410488
93
48
32
1
53
109795
37
9300709
26
338350195
87
439982682
86
109790
21
6
55
1119424405
9300726
7
74
172
338050252
109809
111645801
109875
164
2250218
1221506
61
11443904
35
1028728
0
62
300105
116
918997
87
112152097
302964
103456856
82
1129646372
618921
302847
27
618920
782598586
47
441504079
338050098
35
60
94
41
10
71
