37
110237973
15
175
222
40
85
1839018
8
1217761847
81
1217761895
59
50
129600735
56
51
977928236
7
1838942
237988142
1845886
44
92
6743
131434923
40
129595790
1217761814
96
16
87
180
78
108392324
5186
1839028
131439833
60
87
74
205
129595778
1088166080
1744
108392623
44
1217759988
77
237994741
5
37
110238091
51
43
15
1217761873
108392348
6736
129595761
42
89
47
1838962
95
47
115
28
1728
108394026
135
1217756985
100
44
1840743
129597485
169
239833644
15
128
131441466
76
50
37
131441495
32
54
0
131434745
