80
18829422
176
112
1394
38
162
34
46
4393339
101
135369
85
18828191
23221562
18965010
54
139
135386
177415264
100
18828215
84
87
12
4258016
111
56
145
139
135478
62
65
135467
177551898
3
82
66
161
18828234
135442
176
18963693
58
77
23087369
177415223
35
196243392
18963637
72
128
135432
178
177552054
1401
200502657
181809804
1368
1475
76
156
135439
12
87
135594
177550703
4259298
35
177415207
23087473
118
78
34
17
4259451
38
28
18
200501324
112
28
59
1495
88
1357
92
43
1288
75
13
133
68
14
1351
19
47
85
85
62
