88
-1
-1
663
-1
75
6400754
-1
-1
-1
11559559
-1
-1
-1
-1
56
-1
-1
-1
11018319
541427
-1
18070595
-1
-1
11018337
-1
-1
-1
-1
7251868
-1
-1
-1
-1
17960823
-1
-1
-1
-1
99845
-1
-1
-1
-1
17629017
18170311
-1
17419719
-1
17628415
-1
11228632
-1
-1
17961026
541421
-1
-1
11670080
18169608
