66701374
-1
-1
-1
-1
-1
-1
-1
-1
-1
593702
-1
-1
-1
-1
-1
-1
-1
-1
-1
170067
-1
-1
66692820
-1
-1
-1
-1
-1
95182946
308
95182969
-1
-1
-1
67294878
-1
-1
-1
-1
466
-1
-1
-1
-1
-1
-1
-1
-1
-1
94584149
-1
-1
-1
-1
-1
-1
-1
-1
-1
28323513
-1
-1
-1
-1
-1
95182924
66
-1
-1
95182895
-1
-1
-1
258
-1
-1
-1
-1
-1
95182968
-1
-1
-1
-1
-1
-1
-1
-1
-1
27729909
-1
-1
-1
-1
-1
-1
-1
95183166
-1
