1266441
18421735
4897885
-1
-1
-1
-1
-1
-1
18421786
12598845
-1
-1
18421756
-1
-1
-1
-1
-1
-1
11518771
-1
-1
25750132
-1
-1
-1
25604391
-1
-1
25418262
-1
-1
25750190
-1
-1
-1
-1
-1
-1
25936355
-1
-1
-1
-1
25936660
-1
-1
-1
25418154
12598613
-1
25943638
-1
8033024
-1
-1
-1
25604384
12412736
17155465
-1
-1
-1
-1
-1
-1
-1
-1
-1
8780999
-1
-1
25966590
-1
-1
-1
-1
-1
-1
25936407
-1
-1
24857122
-1
-1
-1
-1
-1
-1
42
-1
-1
-1
-1
-1
-1
-1
-1
3672204
375
-1
-1
-1
14935881
-1
-1
-1
-1
-1
39
-1
-1
-1
22450673
-1
