-1
-1
-1
-1
-1
-1
-1
-1
-1
-1
-1
-1
-1
-1
-1
-1
-1
-1
-1
1775526708
-1
-1
-1
-1
-1
-1
-1
-1
-1
1995558549
-1
-1
-1
946448970
-1
-1
-1
-1
919037323
830437676
-1
-1
2082824711
-1
-1
-1
-1
-1
-1
-1
-1
-1
1036718410
-1
-1
-1
-1
-1
-1
-1
2082830385
-1
-1
-1
-1
-1
-1
-1
-1
-1
-1
-1
-1
-1
-1
494
-1
-1
-1
-1
-1
-1
-1
-1
-1
-1
842853801
2084159556
-1
-1
-1
-1
-1
-1
-1
-1
-1
-1
1994200213
-1
