-1
-1
-1
-1
-1
-1
-1
-1
-1
-1
-1
115073953
-1
-1
-1
-1
-1
-1
-1
-1
-1
-1
-1
-1
-1
-1
-1
-1
-1
-1
-1
-1
29211051
-1
-1
-1
29214764
-1
55
-1
-1
-1
-1
-1
-1
29295844
2589
-1
-1
-1
-1
-1
-1
-1
-1
-1
-1
-1
-1
-1
-1
-1
-1
-1
