29851750
4319323
-1
-1
-1
1004330463
-1
-1
-1
-1
1025444212
-1
-1
-1
-1
-1
1029741023
-1
-1
-1
7
-1
4296464
-1
51222888
-1
-1
-1
-1
-1
21371310
-1
-1
-1
1008371247
