959358610
-1
-1
-1
-1
31602
-1
314329180
-1
-1
959412426
-1
1276598200
-1
53852
-1
-1
-1
-1
-1
2990624
-1
-1
-1
-1
-1
-1
-1
-1
-1
314254910
-1
-1
-1
-1
-1
-1
-1
-1
1276596847
1276565339
1276597451
-1
-1
-1
-1
1276596851
-1
-1
-1
7278
-1
959358557
-1
-1
1276596853
-1
-1
-1
-1
314353464
-1
-1
-1
-1
1276596798
-1
959285961
314232695
-1
962369886
314382912
-1
-1
-1
-1
-1
-1
1273518551
-1
317197938
-1
-1
-1
-1
-1
-1
-1
-1
-1
959443889
-1
-1
-1
-1
-1
-1
-1
-1
-1
