47
1640618
2235518
770466684
53
109187599
768835389
1003871471
770465470
106962887
235652664
1003871421
1003870887
875787430
875171162
877417895
