151713
12336987
75150981
38487875
38344960
43713081
7068747
635
4
27
75140896
38496355
82213651
33387803
45567580
36807142
38496386
38345049
8520
12329468
7068400
99
5120598
48983742
45564733
82253138
75143301
82215515
8871
36653510
45566271
7077156
357
5108504
75
45740684
574
82216356
38513522
9
45569289
38344986
33379538
151747
5270237
175672
5259948
82214706
75202429
50
162402
313
252
159955
45557185
45565006
65
8323
82215922
821
7068400
12328179
241
5272386
38344749
12336940
45413163
77104268
5117060
36653968
76941766
33388600
479
82049711
45564939
99
33236438
8719
8319
12336498
151590
54
76737054
82233988
82212075
76949874
77101560
40305457
41753367
38533661
8442
22
36796525
45566005
8639
45601025
43713312
75134963
82235331
82213373
