29588629
25441636
900255272
900783527
4645188
25441735
24276575
