5207316
60
4115170
6060394
1713136
1297543
3619998
149721
5
763627
5255125
888965
218
30
4881805
75
6055592
6102825
4999941
259421
38
763601
5270607
5296315
4266039
1060633
5507975
5046989
58
149653
1648365
4235410
6158365
90
3351631
6061323
5266869
763610
763746
763584
3362692
888704
2052680
18
25
5035469
6176162
3688
3611228
4156223
1911593
267975
5593368
4341482
6090396
2064305
6064915
13
2
153665
4817
5381820
5255491
949419
6074775
218445685
4342447
4407246
149815
37
4492765
883712
155658
3467421
6085242
58
3465541
880356
39
5275362
63
5336568
6223045
10
1826587
3355413
53
19
4082385
3470345
888527
3352782
5272879
4499970
3206997
5060154
2062354
3470025
1848892
394
3461637
185
4118993
3743
913276
5910865
214856565
4407815
880073
957060
1825882
6161961
149642
5591668
880102
16
5285
1831
6091343
45
6826318
768365
4518564
6
1029653
5371930
149662
5364396
