14087
277509
2339158
2351491
29
300037
232
13099
40
13084
32
107376
21901
14165
48
2293877
1046016
534
13101
1046102
280537
1033262
2340258
2214500
107347
165753
176
1338
17454
582
28
550
2347840
13333
1045677
15390
2280986
353333
1046298
2514365
12883
2339874
26
487
165864
168484
278510
181396
1032737
1154364
153111
1179915
140226
12914
537
36
2187111
34674
2174181
611
2281078
100
1034717
17
274061
2173737
58
121424
1154064
46
63
12851
24
2447350
579
12839
272974
541
534
1158992
77
62
12843
83
121207
1139940
12958
116299
1181105
238
109184
108294
274262
152915
73
1174317
753
1075299
97
12898
2
60
77
122562
