307702657
158529689
3068997
146979351
612704099
306663244
303398821
822362
146963768
305547275
2051
12321
305510637
306580063
305523468
147093310
306397529
-1
156348021
134
918081331
155473776
307166150
146963741
158542208
