75628177
75624808
3039
46620120
57
80549314
1271947
969634
120948309
120980939
6133795
79317315
119385750
1224025
79295792
80
1017564
5907159
43958752
79
80510634
76
6157603
76615320
80538276
61
46849986
118361995
3364843
5113377
27151
80542054
122749857
122754658
117396005
116613874
46329187
751442
122748274
119383794
117807927
47383895
62
122223130
77176809
42240192
40
43403487
223774
79567914
42990144
11
122217354
1990017
47072848
1027
122554129
122755179
224123
122753633
40
42237237
71
119983222
97
119840585
46623544
116613936
43180111
122748633
4143812
121554454
80542712
544
15
79
4335268
6134424
116865420
78741179
44754884
690
80538383
80537049
4361950
71
4633440
116616942
1017540
119407172
80534758
122765200
3641
1572195
122758428
969592
47812746
3892516
3588536
45
43
84
5907834
48350788
48391851
1751856
122807219
76154782
1221102
47327608
42988613
557697
77795665
0
122858814
5605656
