9223
723030
3356150
261433
7974
623
3402277
3379593
23019
3097543
3375862
3357566
60
29
3385676
1377
2638633
3384997
479293
3374631
3390370
60
61
90
3496140
3433494
21179
20
17
3384710
55
3361596
718772
13353
7880
13353
3381249
38
15
3372761
67
3109651
3377671
3371456
31
261457
83
78
273318
3363590
3364970
3377555
724316
89
3371190
3385248
3363013
3382206
3410843
53
42
2913627
98
3096232
25
3370728
0
13462
3361893
3371693
1
99
1404
3109723
3384432
2639447
3402342
165
457616
52
3373841
13
252162
2898599
691
35
3357871
9207
2661161
14688
3363017
3502046
3096283
318
16
87
9223
6
1381
990
81
7886
3109568
1391
118
32557
2646535
3372787
7
